


    
    <div id="div_id_title" class="mb-3">
        
            
            <label
                for="id_title" class="form-label requiredField">
                Metadata Title<span class="asteriskField">*</span>
            </label>
        

        

        
            
                
                    
                        <input type="text" name="title" value="CTD data from southern Ocean Expedition, 2010" maxlength="500" class="char-counter textinput form-control" required id="id_title">
                    
                    
                        


    




    



                    
                
            
        
        
    </div>
    

